Archive member included to satisfy reference by file (symbol)

C:\Users\Lisandro\Desktop\dsp_rt\arm_workspace\Proy_ADC_DAC_DMA_Loopback\Lib\libarm_cortexM4lf_math.a(arm_fir_q15.o)
                              Src\main.o (arm_fir_q15)
C:\Users\Lisandro\Desktop\dsp_rt\arm_workspace\Proy_ADC_DAC_DMA_Loopback\Lib\libarm_cortexM4lf_math.a(arm_fir_init_q15.o)
                              Src\main.o (arm_fir_init_q15)
c:/program files/atollic/truestudio for arm 6.0.0/armtools/bin/../lib/gcc/arm-atollic-eabi/5.3.1/../../../../arm-atollic-eabi/lib/armv7e-m/fpu\libc.a(lib_a-errno.o)
                              Src\syscalls.o (__errno)
c:/program files/atollic/truestudio for arm 6.0.0/armtools/bin/../lib/gcc/arm-atollic-eabi/5.3.1/../../../../arm-atollic-eabi/lib/armv7e-m/fpu\libc.a(lib_a-impure.o)
                              c:/program files/atollic/truestudio for arm 6.0.0/armtools/bin/../lib/gcc/arm-atollic-eabi/5.3.1/../../../../arm-atollic-eabi/lib/armv7e-m/fpu\libc.a(lib_a-errno.o) (_impure_ptr)
c:/program files/atollic/truestudio for arm 6.0.0/armtools/bin/../lib/gcc/arm-atollic-eabi/5.3.1/../../../../arm-atollic-eabi/lib/armv7e-m/fpu\libc.a(lib_a-init.o)
                              startup\startup_stm32f407xx.o (__libc_init_array)
c:/program files/atollic/truestudio for arm 6.0.0/armtools/bin/../lib/gcc/arm-atollic-eabi/5.3.1/../../../../arm-atollic-eabi/lib/armv7e-m/fpu\libc.a(lib_a-memset.o)
                              Src\adc.o (memset)
c:/program files/atollic/truestudio for arm 6.0.0/armtools/bin/../lib/gcc/arm-atollic-eabi/5.3.1/armv7e-m/fpu\libgcc.a(_aeabi_uldivmod.o)
                              Drivers\STM32F4xx_HAL_Driver\Src\stm32f4xx_hal_rcc.o (__aeabi_uldivmod)
c:/program files/atollic/truestudio for arm 6.0.0/armtools/bin/../lib/gcc/arm-atollic-eabi/5.3.1/armv7e-m/fpu\libgcc.a(_udivmoddi4.o)
                              c:/program files/atollic/truestudio for arm 6.0.0/armtools/bin/../lib/gcc/arm-atollic-eabi/5.3.1/armv7e-m/fpu\libgcc.a(_aeabi_uldivmod.o) (__udivmoddi4)
c:/program files/atollic/truestudio for arm 6.0.0/armtools/bin/../lib/gcc/arm-atollic-eabi/5.3.1/armv7e-m/fpu\libgcc.a(_dvmd_tls.o)
                              c:/program files/atollic/truestudio for arm 6.0.0/armtools/bin/../lib/gcc/arm-atollic-eabi/5.3.1/armv7e-m/fpu\libgcc.a(_aeabi_uldivmod.o) (__aeabi_ldiv0)

Allocating common symbols
Common symbol       size              file

DAC_Buf             0x800             Src\main.o
pState              0x47e             Src\main.o
uwTick              0x4               Drivers\STM32F4xx_HAL_Driver\Src\stm32f4xx_hal.o
pFlash              0x20              Drivers\STM32F4xx_HAL_Driver\Src\stm32f4xx_hal_flash.o
S                   0xc               Src\main.o
hdma_dac1           0x60              Src\dac.o
hadc1               0x48              Src\adc.o
flagProcessReady    0x2               Src\main.o
hdac                0x14              Src\dac.o
hdma_adc1           0x60              Src\adc.o
ptrDataOut          0x4               Src\main.o
ptrDataIn           0x4               Src\main.o
htim2               0x40              Src\tim.o
ADC_Buf             0x800             Src\main.o

Discarded input sections

 .text          0x00000000        0x0 c:/program files/atollic/truestudio for arm 6.0.0/armtools/bin/../lib/gcc/arm-atollic-eabi/5.3.1/armv7e-m/fpu/crti.o
 .data          0x00000000        0x0 c:/program files/atollic/truestudio for arm 6.0.0/armtools/bin/../lib/gcc/arm-atollic-eabi/5.3.1/armv7e-m/fpu/crti.o
 .bss           0x00000000        0x0 c:/program files/atollic/truestudio for arm 6.0.0/armtools/bin/../lib/gcc/arm-atollic-eabi/5.3.1/armv7e-m/fpu/crti.o
 .data          0x00000000        0x4 c:/program files/atollic/truestudio for arm 6.0.0/armtools/bin/../lib/gcc/arm-atollic-eabi/5.3.1/armv7e-m/fpu/crtbegin.o
 .text          0x00000000        0x0 Drivers\STM32F4xx_HAL_Driver\Src\stm32f4xx_hal.o
 .data          0x00000000        0x0 Drivers\STM32F4xx_HAL_Driver\Src\stm32f4xx_hal.o
 .bss           0x00000000        0x0 Drivers\STM32F4xx_HAL_Driver\Src\stm32f4xx_hal.o
 .text.HAL_MspInit
                0x00000000        0x2 Drivers\STM32F4xx_HAL_Driver\Src\stm32f4xx_hal.o
 .text.HAL_MspDeInit
                0x00000000        0x2 Drivers\STM32F4xx_HAL_Driver\Src\stm32f4xx_hal.o
 .text.HAL_DeInit
                0x00000000       0x2c Drivers\STM32F4xx_HAL_Driver\Src\stm32f4xx_hal.o
 .text.HAL_GetTickPrio
                0x00000000        0xc Drivers\STM32F4xx_HAL_Driver\Src\stm32f4xx_hal.o
 .text.HAL_SetTickFreq
                0x00000000       0x24 Drivers\STM32F4xx_HAL_Driver\Src\stm32f4xx_hal.o
 .text.HAL_GetTickFreq
                0x00000000        0xc Drivers\STM32F4xx_HAL_Driver\Src\stm32f4xx_hal.o
 .text.HAL_Delay
                0x00000000       0x28 Drivers\STM32F4xx_HAL_Driver\Src\stm32f4xx_hal.o
 .text.HAL_SuspendTick
                0x00000000       0x10 Drivers\STM32F4xx_HAL_Driver\Src\stm32f4xx_hal.o
 .text.HAL_ResumeTick
[...]
Memory Configuration

Name             Origin             Length             Attributes
RAM              0x20000000         0x00020000         xrw
CCMRAM           0x10000000         0x00010000         rw
FLASH            0x08000000         0x00100000         xr
*default*        0x00000000         0xffffffff

Linker script and memory map

LOAD c:/program files/atollic/truestudio for arm 6.0.0/armtools/bin/../lib/gcc/arm-atollic-eabi/5.3.1/armv7e-m/fpu/crti.o
LOAD c:/program files/atollic/truestudio for arm 6.0.0/armtools/bin/../lib/gcc/arm-atollic-eabi/5.3.1/armv7e-m/fpu/crtbegin.o
LOAD Drivers\STM32F4xx_HAL_Driver\Src\stm32f4xx_hal.o
LOAD Drivers\STM32F4xx_HAL_Driver\Src\stm32f4xx_hal_adc.o
LOAD Drivers\STM32F4xx_HAL_Driver\Src\stm32f4xx_hal_adc_ex.o
LOAD Drivers\STM32F4xx_HAL_Driver\Src\stm32f4xx_hal_cortex.o
LOAD Drivers\STM32F4xx_HAL_Driver\Src\stm32f4xx_hal_dac.o
LOAD Drivers\STM32F4xx_HAL_Driver\Src\stm32f4xx_hal_dac_ex.o
LOAD Drivers\STM32F4xx_HAL_Driver\Src\stm32f4xx_hal_dma.o
LOAD Drivers\STM32F4xx_HAL_Driver\Src\stm32f4xx_hal_dma_ex.o
LOAD Drivers\STM32F4xx_HAL_Driver\Src\stm32f4xx_hal_exti.o
LOAD Drivers\STM32F4xx_HAL_Driver\Src\stm32f4xx_hal_flash.o
LOAD Drivers\STM32F4xx_HAL_Driver\Src\stm32f4xx_hal_flash_ex.o
LOAD Drivers\STM32F4xx_HAL_Driver\Src\stm32f4xx_hal_flash_ramfunc.o
LOAD Drivers\STM32F4xx_HAL_Driver\Src\stm32f4xx_hal_gpio.o
LOAD Drivers\STM32F4xx_HAL_Driver\Src\stm32f4xx_hal_pwr.o
LOAD Drivers\STM32F4xx_HAL_Driver\Src\stm32f4xx_hal_pwr_ex.o
LOAD Drivers\STM32F4xx_HAL_Driver\Src\stm32f4xx_hal_rcc.o
LOAD Drivers\STM32F4xx_HAL_Driver\Src\stm32f4xx_hal_rcc_ex.o
LOAD Drivers\STM32F4xx_HAL_Driver\Src\stm32f4xx_hal_tim.o
LOAD Drivers\STM32F4xx_HAL_Driver\Src\stm32f4xx_hal_tim_ex.o
LOAD Src\adc.o
LOAD Src\dac.o
LOAD Src\dma.o
LOAD Src\gpio.o
LOAD Src\main.o
LOAD Src\stm32f4xx_hal_msp.o
LOAD Src\stm32f4xx_it.o
LOAD Src\syscalls.o
LOAD Src\system_stm32f4xx.o
LOAD Src\tim.o
LOAD startup\startup_stm32f407xx.o
LOAD C:\Users\Lisandro\Desktop\dsp_rt\arm_workspace\Proy_ADC_DAC_DMA_Loopback\Lib\libarm_cortexM4lf_math.a
START GROUP
LOAD c:/program files/atollic/truestudio for arm 6.0.0/armtools/bin/../lib/gcc/arm-atollic-eabi/5.3.1/../../../../arm-atollic-eabi/lib/armv7e-m/fpu\libc.a
LOAD c:/program files/atollic/truestudio for arm 6.0.0/armtools/bin/../lib/gcc/arm-atollic-eabi/5.3.1/../../../../arm-atollic-eabi/lib/armv7e-m/fpu\libm.a
END GROUP
                0x00000080                malloc_getpagesize_P = 0x80
START GROUP
LOAD c:/program files/atollic/truestudio for arm 6.0.0/armtools/bin/../lib/gcc/arm-atollic-eabi/5.3.1/armv7e-m/fpu\libgcc.a
LOAD c:/program files/atollic/truestudio for arm 6.0.0/armtools/bin/../lib/gcc/arm-atollic-eabi/5.3.1/../../../../arm-atollic-eabi/lib/armv7e-m/fpu\libc.a
END GROUP
START GROUP
LOAD c:/program files/atollic/truestudio for arm 6.0.0/armtools/bin/../lib/gcc/arm-atollic-eabi/5.3.1/armv7e-m/fpu\libgcc.a
LOAD c:/program files/atollic/truestudio for arm 6.0.0/armtools/bin/../lib/gcc/arm-atollic-eabi/5.3.1/../../../../arm-atollic-eabi/lib/armv7e-m/fpu\libc.a
LOAD c:/program files/atollic/truestudio for arm 6.0.0/armtools/bin/../lib/gcc/arm-atollic-eabi/5.3.1/../../../../arm-atollic-eabi/lib/armv7e-m/fpu\libnosys.a
END GROUP
LOAD c:/program files/atollic/truestudio for arm 6.0.0/armtools/bin/../lib/gcc/arm-atollic-eabi/5.3.1/armv7e-m/fpu/crtend.o
LOAD c:/program files/atollic/truestudio for arm 6.0.0/armtools/bin/../lib/gcc/arm-atollic-eabi/5.3.1/armv7e-m/fpu/crtn.o
                0x20020000                _estack = 0x20020000
                0x00000200                _Min_Heap_Size = 0x200
                0x00000400                _Min_Stack_Size = 0x400

.isr_vector     0x08000000      0x188
                0x08000000                . = ALIGN (0x4)
 *(.isr_vector)
 .isr_vector    0x08000000      0x188 startup\startup_stm32f407xx.o
                0x08000000                g_pfnVectors
                0x08000188                . = ALIGN (0x4)

.text           0x08000188     0x2038
                0x08000188                . = ALIGN (0x4)
 *(.text)
 .text          0x08000188       0x40 c:/program files/atollic/truestudio for arm 6.0.0/armtools/bin/../lib/gcc/arm-atollic-eabi/5.3.1/armv7e-m/fpu/crtbegin.o
 .text          0x080001c8       0x30 c:/program files/atollic/truestudio for arm 6.0.0/armtools/bin/../lib/gcc/arm-atollic-eabi/5.3.1/armv7e-m/fpu\libgcc.a(_aeabi_uldivmod.o)
                0x080001c8                __aeabi_uldivmod
 .text          0x080001f8      0x2e4 c:/program files/atollic/truestudio for arm 6.0.0/armtools/bin/../lib/gcc/arm-atollic-eabi/5.3.1/armv7e-m/fpu\libgcc.a(_udivmoddi4.o)
                0x080001f8                __udivmoddi4
 .text          0x080004dc        0x4 c:/program files/atollic/truestudio for arm 6.0.0/armtools/bin/../lib/gcc/arm-atollic-eabi/5.3.1/armv7e-m/fpu\libgcc.a(_dvmd_tls.o)
                0x080004dc                __aeabi_idiv0
                0x080004dc                __aeabi_ldiv0
 *(.text*)
 .text.HAL_InitTick
                0x080004e0       0x48 Drivers\STM32F4xx_HAL_Driver\Src\stm32f4xx_hal.o
                0x080004e0                HAL_InitTick
 .text.HAL_Init
                0x08000528       0x34 Drivers\STM32F4xx_HAL_Driver\Src\stm32f4xx_hal.o
                0x08000528                HAL_Init
 .text.HAL_IncTick
                0x0800055c       0x18 Drivers\STM32F4xx_HAL_Driver\Src\stm32f4xx_hal.o
                0x0800055c                HAL_IncTick
 .text.HAL_GetTick
                0x08000574        0xc Drivers\STM32F4xx_HAL_Driver\Src\stm32f4xx_hal.o
                0x08000574                HAL_GetTick
 .text.HAL_ADC_Init
                0x08000580      0x14c Drivers\STM32F4xx_HAL_Driver\Src\stm32f4xx_hal_adc.o
                0x08000580                HAL_ADC_Init
 .text.HAL_ADC_Start_DMA
                0x080006cc      0x128 Drivers\STM32F4xx_HAL_Driver\Src\stm32f4xx_hal_adc.o
                0x080006cc                HAL_ADC_Start_DMA
 .text.ADC_DMAHalfConvCplt
                0x080007f4        0xa Drivers\STM32F4xx_HAL_Driver\Src\stm32f4xx_hal_adc.o
 .text.HAL_ADC_ErrorCallback
                0x080007fe        0x2 Drivers\STM32F4xx_HAL_Driver\Src\stm32f4xx_hal_adc.o
                0x080007fe                HAL_ADC_ErrorCallback
 .text.ADC_DMAError
                0x08000800       0x16 Drivers\STM32F4xx_HAL_Driver\Src\stm32f4xx_hal_adc.o
 .text.ADC_DMAConvCplt
                0x08000816       0x6c Drivers\STM32F4xx_HAL_Driver\Src\stm32f4xx_hal_adc.o
 *fill*         0x08000882        0x2 
 .text.HAL_ADC_ConfigChannel
                0x08000884      0x12c Drivers\STM32F4xx_HAL_Driver\Src\stm32f4xx_hal_adc.o
                0x08000884                HAL_ADC_ConfigChannel
 .text.HAL_NVIC_SetPriorityGrouping
                0x080009b0       0x24 Drivers\STM32F4xx_HAL_Driver\Src\stm32f4xx_hal_cortex.o
                0x080009b0                HAL_NVIC_SetPriorityGrouping
 .text.HAL_NVIC_SetPriority
                0x080009d4       0x68 Drivers\STM32F4xx_HAL_Driver\Src\stm32f4xx_hal_cortex.o
                0x080009d4                HAL_NVIC_SetPriority
 .text.HAL_NVIC_EnableIRQ
                0x08000a3c       0x1c Drivers\STM32F4xx_HAL_Driver\Src\stm32f4xx_hal_cortex.o
                0x08000a3c                HAL_NVIC_EnableIRQ
 .text.HAL_SYSTICK_Config
                0x08000a58       0x2c Drivers\STM32F4xx_HAL_Driver\Src\stm32f4xx_hal_cortex.o
                0x08000a58                HAL_SYSTICK_Config
 .text.HAL_DAC_Init
                0x08000a84       0x26 Drivers\STM32F4xx_HAL_Driver\Src\stm32f4xx_hal_dac.o
                0x08000a84                HAL_DAC_Init
 *fill*         0x08000aaa        0x2 
 .text.HAL_DAC_Start_DMA
                0x08000aac       0xc8 Drivers\STM32F4xx_HAL_Driver\Src\stm32f4xx_hal_dac.o
                0x08000aac                HAL_DAC_Start_DMA
 .text.HAL_DAC_ConvCpltCallbackCh1
                0x08000b74        0x2 Drivers\STM32F4xx_HAL_Driver\Src\stm32f4xx_hal_dac.o
                0x08000b74                HAL_DAC_ConvCpltCallbackCh1
 .text.DAC_DMAConvCpltCh1
                0x08000b76       0x10 Drivers\STM32F4xx_HAL_Driver\Src\stm32f4xx_hal_dac.o
 .text.HAL_DAC_ConvHalfCpltCallbackCh1
                0x08000b86        0x2 Drivers\STM32F4xx_HAL_Driver\Src\stm32f4xx_hal_dac.o
                0x08000b86                HAL_DAC_ConvHalfCpltCallbackCh1
 .text.DAC_DMAHalfConvCpltCh1
                0x08000b88        0xa Drivers\STM32F4xx_HAL_Driver\Src\stm32f4xx_hal_dac.o
 .text.HAL_DAC_ErrorCallbackCh1
                0x08000b92        0x2 Drivers\STM32F4xx_HAL_Driver\Src\stm32f4xx_hal_dac.o
                0x08000b92                HAL_DAC_ErrorCallbackCh1
 .text.DAC_DMAErrorCh1
                0x08000b94       0x18 Drivers\STM32F4xx_HAL_Driver\Src\stm32f4xx_hal_dac.o
 .text.HAL_DAC_ConfigChannel
                0x08000bac       0x42 Drivers\STM32F4xx_HAL_Driver\Src\stm32f4xx_hal_dac.o
                0x08000bac                HAL_DAC_ConfigChannel
 .text.HAL_DACEx_ConvCpltCallbackCh2
                0x08000bee        0x2 Drivers\STM32F4xx_HAL_Driver\Src\stm32f4xx_hal_dac_ex.o
                0x08000bee                HAL_DACEx_ConvCpltCallbackCh2
 .text.HAL_DACEx_ConvHalfCpltCallbackCh2
                0x08000bf0        0x2 Drivers\STM32F4xx_HAL_Driver\Src\stm32f4xx_hal_dac_ex.o
                0x08000bf0                HAL_DACEx_ConvHalfCpltCallbackCh2
 .text.HAL_DACEx_ErrorCallbackCh2
                0x08000bf2        0x2 Drivers\STM32F4xx_HAL_Driver\Src\stm32f4xx_hal_dac_ex.o
                0x08000bf2                HAL_DACEx_ErrorCallbackCh2
 .text.DAC_DMAConvCpltCh2
                0x08000bf4       0x10 Drivers\STM32F4xx_HAL_Driver\Src\stm32f4xx_hal_dac_ex.o
                0x08000bf4                DAC_DMAConvCpltCh2
 .text.DAC_DMAHalfConvCpltCh2
                0x08000c04        0xa Drivers\STM32F4xx_HAL_Driver\Src\stm32f4xx_hal_dac_ex.o
                0x08000c04                DAC_DMAHalfConvCpltCh2
 .text.DAC_DMAErrorCh2
                0x08000c0e       0x18 Drivers\STM32F4xx_HAL_Driver\Src\stm32f4xx_hal_dac_ex.o
                0x08000c0e                DAC_DMAErrorCh2
 *fill*         0x08000c26        0x2 
 .text.DMA_CalcBaseAndBitshift
                0x08000c28       0x2c Drivers\STM32F4xx_HAL_Driver\Src\stm32f4xx_hal_dma.o
 .text.HAL_DMA_Init
                0x08000c54       0xec Drivers\STM32F4xx_HAL_Driver\Src\stm32f4xx_hal_dma.o
                0x08000c54                HAL_DMA_Init
 .text.HAL_DMA_Start_IT
                0x08000d40       0x80 Drivers\STM32F4xx_HAL_Driver\Src\stm32f4xx_hal_dma.o
                0x08000d40                HAL_DMA_Start_IT
 .text.HAL_DMA_IRQHandler
                0x08000dc0      0x174 Drivers\STM32F4xx_HAL_Driver\Src\stm32f4xx_hal_dma.o
                0x08000dc0                HAL_DMA_IRQHandler
 .text.HAL_GPIO_Init
                0x08000f34      0x1c0 Drivers\STM32F4xx_HAL_Driver\Src\stm32f4xx_hal_gpio.o
                0x08000f34                HAL_GPIO_Init
 .text.HAL_RCC_OscConfig
                0x080010f4      0x2f4 Drivers\STM32F4xx_HAL_Driver\Src\stm32f4xx_hal_rcc.o
                0x080010f4                HAL_RCC_OscConfig
 .text.HAL_RCC_GetSysClockFreq
                0x080013e8       0x5c Drivers\STM32F4xx_HAL_Driver\Src\stm32f4xx_hal_rcc.o
                0x080013e8                HAL_RCC_GetSysClockFreq
 .text.HAL_RCC_ClockConfig
                0x08001444      0x130 Drivers\STM32F4xx_HAL_Driver\Src\stm32f4xx_hal_rcc.o
                0x08001444                HAL_RCC_ClockConfig
 .text.HAL_TIM_Base_Start
                0x08001574       0x24 Drivers\STM32F4xx_HAL_Driver\Src\stm32f4xx_hal_tim.o
                0x08001574                HAL_TIM_Base_Start
 .text.TIM_Base_SetConfig
                0x08001598       0xcc Drivers\STM32F4xx_HAL_Driver\Src\stm32f4xx_hal_tim.o
                0x08001598                TIM_Base_SetConfig
 .text.HAL_TIM_Base_Init
                0x08001664       0x34 Drivers\STM32F4xx_HAL_Driver\Src\stm32f4xx_hal_tim.o
                0x08001664                HAL_TIM_Base_Init
 .text.TIM_ETR_SetConfig
                0x08001698       0x14 Drivers\STM32F4xx_HAL_Driver\Src\stm32f4xx_hal_tim.o
                0x08001698                TIM_ETR_SetConfig
 .text.HAL_TIM_ConfigClockSource
                0x080016ac      0x12e Drivers\STM32F4xx_HAL_Driver\Src\stm32f4xx_hal_tim.o
                0x080016ac                HAL_TIM_ConfigClockSource
 .text.HAL_TIMEx_MasterConfigSynchronization
                0x080017da       0x3c Drivers\STM32F4xx_HAL_Driver\Src\stm32f4xx_hal_tim_ex.o
                0x080017da                HAL_TIMEx_MasterConfigSynchronization
 *fill*         0x08001816        0x2 
 .text.MX_ADC1_Init
                0x08001818       0x6c Src\adc.o
                0x08001818                MX_ADC1_Init
 .text.HAL_ADC_MspInit
                0x08001884       0x70 Src\adc.o
                0x08001884                HAL_ADC_MspInit
 .text.MX_DAC_Init
                0x080018f4       0x3c Src\dac.o
                0x080018f4                MX_DAC_Init
 .text.HAL_DAC_MspInit
                0x08001930       0xa8 Src\dac.o
                0x08001930                HAL_DAC_MspInit
 .text.MX_DMA_Init
                0x080019d8       0x58 Src\dma.o
                0x080019d8                MX_DMA_Init
 .text.MX_GPIO_Init
                0x08001a30       0x38 Src\gpio.o
                0x08001a30                MX_GPIO_Init
 .text.ProcessInit
                0x08001a68       0x34 Src\main.o
                0x08001a68                ProcessInit
 .text.HAL_ADC_ConvHalfCpltCallback
                0x08001a9c       0x28 Src\main.o
                0x08001a9c                HAL_ADC_ConvHalfCpltCallback
 .text.HAL_ADC_ConvCpltCallback
                0x08001ac4       0x28 Src\main.o
                0x08001ac4                HAL_ADC_ConvCpltCallback
 .text.ProcessData
                0x08001aec       0x3c Src\main.o
                0x08001aec                ProcessData
 .text.SystemClock_Config
                0x08001b28       0x98 Src\main.o
                0x08001b28                SystemClock_Config
 .text.startup.main
                0x08001bc0       0x60 Src\main.o
                0x08001bc0                main
 .text.Error_Handler
                0x08001c20        0x2 Src\main.o
                0x08001c20                Error_Handler
 *fill*         0x08001c22        0x2 
 .text.HAL_MspInit
                0x08001c24       0x38 Src\stm32f4xx_hal_msp.o
                0x08001c24                HAL_MspInit
 .text.NMI_Handler
                0x08001c5c        0x2 Src\stm32f4xx_it.o
                0x08001c5c                NMI_Handler
 .text.HardFault_Handler
                0x08001c5e        0x2 Src\stm32f4xx_it.o
                0x08001c5e                HardFault_Handler
 .text.MemManage_Handler
                0x08001c60        0x2 Src\stm32f4xx_it.o
                0x08001c60                MemManage_Handler
 .text.BusFault_Handler
                0x08001c62        0x2 Src\stm32f4xx_it.o
                0x08001c62                BusFault_Handler
 .text.UsageFault_Handler
                0x08001c64        0x2 Src\stm32f4xx_it.o
                0x08001c64                UsageFault_Handler
 .text.SVC_Handler
                0x08001c66        0x2 Src\stm32f4xx_it.o
                0x08001c66                SVC_Handler
 .text.DebugMon_Handler
                0x08001c68        0x2 Src\stm32f4xx_it.o
                0x08001c68                DebugMon_Handler
 .text.PendSV_Handler
                0x08001c6a        0x2 Src\stm32f4xx_it.o
                0x08001c6a                PendSV_Handler
 .text.SysTick_Handler
                0x08001c6c        0x4 Src\stm32f4xx_it.o
                0x08001c6c                SysTick_Handler
 .text.DMA1_Stream5_IRQHandler
                0x08001c70        0xc Src\stm32f4xx_it.o
                0x08001c70                DMA1_Stream5_IRQHandler
 .text.DMA2_Stream0_IRQHandler
                0x08001c7c        0xc Src\stm32f4xx_it.o
                0x08001c7c                DMA2_Stream0_IRQHandler
 .text.SystemInit
                0x08001c88       0x4c Src\system_stm32f4xx.o
                0x08001c88                SystemInit
 .text.MX_TIM2_Init
                0x08001cd4       0x68 Src\tim.o
                0x08001cd4                MX_TIM2_Init
 .text.HAL_TIM_Base_MspInit
                0x08001d3c       0x2c Src\tim.o
                0x08001d3c                HAL_TIM_Base_MspInit
 .text.Reset_Handler
                0x08001d68       0x50 startup\startup_stm32f407xx.o
                0x08001d68                Reset_Handler
 .text.Default_Handler
                0x08001db8        0x2 startup\startup_stm32f407xx.o
                0x08001db8                RTC_Alarm_IRQHandler
                0x08001db8                HASH_RNG_IRQHandler
                0x08001db8                EXTI2_IRQHandler
                0x08001db8                TIM8_CC_IRQHandler
                0x08001db8                TIM1_CC_IRQHandler
                0x08001db8                DMA2_Stream5_IRQHandler
                0x08001db8                PVD_IRQHandler
                0x08001db8                SDIO_IRQHandler
                0x08001db8                TAMP_STAMP_IRQHandler
                0x08001db8                CAN2_RX1_IRQHandler
                0x08001db8                EXTI3_IRQHandler
                0x08001db8                TIM8_TRG_COM_TIM14_IRQHandler
                0x08001db8                TIM1_UP_TIM10_IRQHandler
                0x08001db8                TIM8_UP_TIM13_IRQHandler
                0x08001db8                I2C3_ER_IRQHandler
                0x08001db8                EXTI0_IRQHandler
                0x08001db8                I2C2_EV_IRQHandler
                0x08001db8                DMA1_Stream2_IRQHandler
                0x08001db8                CAN1_RX0_IRQHandler
                0x08001db8                FPU_IRQHandler
                0x08001db8                OTG_HS_WKUP_IRQHandler
                0x08001db8                CAN2_SCE_IRQHandler
                0x08001db8                DMA2_Stream2_IRQHandler
                0x08001db8                SPI1_IRQHandler
                0x08001db8                TIM6_DAC_IRQHandler
                0x08001db8                TIM1_BRK_TIM9_IRQHandler
                0x08001db8                DCMI_IRQHandler
                0x08001db8                CAN2_RX0_IRQHandler
                0x08001db8                DMA2_Stream3_IRQHandler
                0x08001db8                USART6_IRQHandler
                0x08001db8                USART3_IRQHandler
                0x08001db8                CAN1_RX1_IRQHandler
                0x08001db8                UART5_IRQHandler
                0x08001db8                TIM4_IRQHandler
                0x08001db8                I2C1_EV_IRQHandler
                0x08001db8                DMA1_Stream6_IRQHandler
                0x08001db8                DMA1_Stream1_IRQHandler
                0x08001db8                UART4_IRQHandler
                0x08001db8                TIM3_IRQHandler
                0x08001db8                RCC_IRQHandler
                0x08001db8                TIM8_BRK_TIM12_IRQHandler
                0x08001db8                Default_Handler
                0x08001db8                EXTI15_10_IRQHandler
                0x08001db8                ADC_IRQHandler
                0x08001db8                DMA1_Stream7_IRQHandler
                0x08001db8                TIM7_IRQHandler
                0x08001db8                CAN2_TX_IRQHandler
                0x08001db8                TIM5_IRQHandler
                0x08001db8                DMA2_Stream7_IRQHandler
                0x08001db8                I2C3_EV_IRQHandler
                0x08001db8                EXTI9_5_IRQHandler
                0x08001db8                RTC_WKUP_IRQHandler
                0x08001db8                ETH_WKUP_IRQHandler
                0x08001db8                SPI2_IRQHandler
                0x08001db8                OTG_HS_EP1_IN_IRQHandler
                0x08001db8                DMA1_Stream0_IRQHandler
                0x08001db8                CAN1_TX_IRQHandler
                0x08001db8                EXTI4_IRQHandler
                0x08001db8                FSMC_IRQHandler
                0x08001db8                ETH_IRQHandler
                0x08001db8                OTG_HS_EP1_OUT_IRQHandler
                0x08001db8                WWDG_IRQHandler
                0x08001db8                TIM2_IRQHandler
                0x08001db8                OTG_FS_WKUP_IRQHandler
                0x08001db8                TIM1_TRG_COM_TIM11_IRQHandler
                0x08001db8                OTG_HS_IRQHandler
                0x08001db8                EXTI1_IRQHandler
                0x08001db8                USART2_IRQHandler
                0x08001db8                I2C2_ER_IRQHandler
                0x08001db8                DMA2_Stream1_IRQHandler
                0x08001db8                CAN1_SCE_IRQHandler
                0x08001db8                FLASH_IRQHandler
                0x08001db8                DMA2_Stream4_IRQHandler
                0x08001db8                USART1_IRQHandler
                0x08001db8                OTG_FS_IRQHandler
                0x08001db8                SPI3_IRQHandler
                0x08001db8                DMA1_Stream4_IRQHandler
                0x08001db8                I2C1_ER_IRQHandler
                0x08001db8                DMA2_Stream6_IRQHandler
                0x08001db8                DMA1_Stream3_IRQHandler
 *fill*         0x08001dba        0x2 
 .text.arm_fir_q15
                0x08001dbc      0x364 C:\Users\Lisandro\Desktop\dsp_rt\arm_workspace\Proy_ADC_DAC_DMA_Loopback\Lib\libarm_cortexM4lf_math.a(arm_fir_q15.o)
                0x08001dbc                arm_fir_q15
 .text.arm_fir_init_q15
                0x08002120       0x2c C:\Users\Lisandro\Desktop\dsp_rt\arm_workspace\Proy_ADC_DAC_DMA_Loopback\Lib\libarm_cortexM4lf_math.a(arm_fir_init_q15.o)
                0x08002120                arm_fir_init_q15
 .text.__libc_init_array
                0x0800214c       0x4c c:/program files/atollic/truestudio for arm 6.0.0/armtools/bin/../lib/gcc/arm-atollic-eabi/5.3.1/../../../../arm-atollic-eabi/lib/armv7e-m/fpu\libc.a(lib_a-init.o)
                0x0800214c                __libc_init_array
 .text.memset   0x08002198       0x10 c:/program files/atollic/truestudio for arm 6.0.0/armtools/bin/../lib/gcc/arm-atollic-eabi/5.3.1/../../../../arm-atollic-eabi/lib/armv7e-m/fpu\libc.a(lib_a-memset.o)
                0x08002198                memset
 *(.glue_7)
 .glue_7        0x080021a8        0x0 linker stubs
 *(.glue_7t)
 .glue_7t       0x080021a8        0x0 linker stubs
 *(.eh_frame)
 .eh_frame      0x080021a8        0x0 c:/program files/atollic/truestudio for arm 6.0.0/armtools/bin/../lib/gcc/arm-atollic-eabi/5.3.1/armv7e-m/fpu/crtbegin.o
 *(.init)
 .init          0x080021a8        0x4 c:/program files/atollic/truestudio for arm 6.0.0/armtools/bin/../lib/gcc/arm-atollic-eabi/5.3.1/armv7e-m/fpu/crti.o
                0x080021a8                _init
 .init          0x080021ac        0x8 c:/program files/atollic/truestudio for arm 6.0.0/armtools/bin/../lib/gcc/arm-atollic-eabi/5.3.1/armv7e-m/fpu/crtn.o
 *(.fini)
 .fini          0x080021b4        0x4 c:/program files/atollic/truestudio for arm 6.0.0/armtools/bin/../lib/gcc/arm-atollic-eabi/5.3.1/armv7e-m/fpu/crti.o
                0x080021b4                _fini
 .fini          0x080021b8        0x8 c:/program files/atollic/truestudio for arm 6.0.0/armtools/bin/../lib/gcc/arm-atollic-eabi/5.3.1/armv7e-m/fpu/crtn.o
                0x080021c0                . = ALIGN (0x4)
                0x080021c0                _etext = .

.vfp11_veneer   0x080021c0        0x0
 .vfp11_veneer  0x080021c0        0x0 linker stubs

.v4_bx          0x080021c0        0x0
 .v4_bx         0x080021c0        0x0 linker stubs

.iplt           0x080021c0        0x0
 .iplt          0x080021c0        0x0 c:/program files/atollic/truestudio for arm 6.0.0/armtools/bin/../lib/gcc/arm-atollic-eabi/5.3.1/armv7e-m/fpu/crtbegin.o

.rodata         0x080021c0       0x18
                0x080021c0                . = ALIGN (0x4)
 *(.rodata)
 *(.rodata*)
 .rodata.flagBitshiftOffset.7012
                0x080021c0        0x8 Drivers\STM32F4xx_HAL_Driver\Src\stm32f4xx_hal_dma.o
 .rodata.AHBPrescTable
                0x080021c8       0x10 Src\system_stm32f4xx.o
                0x080021c8                AHBPrescTable
                0x080021d8                . = ALIGN (0x4)

.ARM.extab
 *(.ARM.extab* .gnu.linkonce.armextab.*)

.ARM            0x080021d8        0x8
                0x080021d8                __exidx_start = .
 *(.ARM.exidx*)
 .ARM.exidx     0x080021d8        0x8 c:/program files/atollic/truestudio for arm 6.0.0/armtools/bin/../lib/gcc/arm-atollic-eabi/5.3.1/armv7e-m/fpu\libgcc.a(_udivmoddi4.o)
                0x080021e0                __exidx_end = .

.rel.dyn        0x080021e0        0x0
 .rel.iplt      0x080021e0        0x0 c:/program files/atollic/truestudio for arm 6.0.0/armtools/bin/../lib/gcc/arm-atollic-eabi/5.3.1/armv7e-m/fpu/crtbegin.o

.preinit_array  0x080021e0        0x0
                0x080021e0                PROVIDE (__preinit_array_start, .)
 *(.preinit_array*)
                0x080021e0                PROVIDE (__preinit_array_end, .)

.init_array     0x080021e0        0x4
                0x080021e0                PROVIDE (__init_array_start, .)
 *(SORT(.init_array.*))
 *(.init_array*)
 .init_array    0x080021e0        0x4 c:/program files/atollic/truestudio for arm 6.0.0/armtools/bin/../lib/gcc/arm-atollic-eabi/5.3.1/armv7e-m/fpu/crtbegin.o
                0x080021e4                PROVIDE (__init_array_end, .)

.fini_array     0x080021e4        0x4
                [!provide]                PROVIDE (__fini_array_start, .)
 *(SORT(.fini_array.*))
 *(.fini_array*)
 .fini_array    0x080021e4        0x4 c:/program files/atollic/truestudio for arm 6.0.0/armtools/bin/../lib/gcc/arm-atollic-eabi/5.3.1/armv7e-m/fpu/crtbegin.o
                [!provide]                PROVIDE (__fini_array_end, .)
                0x080021e8                _sidata = LOADADDR (.data)

.data           0x20000000       0x8c load address 0x080021e8
                0x20000000                . = ALIGN (0x4)
                0x20000000                _sdata = .
 *(.data)
 *(.data*)
 .data.uwTickPrio
                0x20000000        0x4 Drivers\STM32F4xx_HAL_Driver\Src\stm32f4xx_hal.o
                0x20000000                uwTickPrio
 .data.uwTickFreq
                0x20000004        0x1 Drivers\STM32F4xx_HAL_Driver\Src\stm32f4xx_hal.o
                0x20000004                uwTickFreq
 *fill*         0x20000005        0x1 
 .data.pCoeffs  0x20000006       0x80 Src\main.o
                0x20000006                pCoeffs
 *fill*         0x20000086        0x2 
 .data.SystemCoreClock
                0x20000088        0x4 Src\system_stm32f4xx.o
                0x20000088                SystemCoreClock
                0x2000008c                . = ALIGN (0x4)
                0x2000008c                _edata = .
                0x08002274                _siccmram = LOADADDR (.ccmram)

.igot.plt       0x2000008c        0x0 load address 0x08002274
 .igot.plt      0x2000008c        0x0 c:/program files/atollic/truestudio for arm 6.0.0/armtools/bin/../lib/gcc/arm-atollic-eabi/5.3.1/armv7e-m/fpu/crtbegin.o

.ccmram         0x10000000        0x0 load address 0x08002274
                0x10000000                . = ALIGN (0x4)
                0x10000000                _sccmram = .
 *(.ccmram)
 *(.ccmram*)
                0x10000000                . = ALIGN (0x4)
                0x10000000                _eccmram = .
                0x10000000                . = ALIGN (0x4)

.bss            0x2000008c     0x1614
                0x2000008c                _sbss = .
                0x2000008c                __bss_start__ = _sbss
 *(.bss)
 .bss           0x2000008c       0x1c c:/program files/atollic/truestudio for arm 6.0.0/armtools/bin/../lib/gcc/arm-atollic-eabi/5.3.1/armv7e-m/fpu/crtbegin.o
 *(.bss*)
 *(COMMON)
 COMMON         0x200000a8        0x4 Drivers\STM32F4xx_HAL_Driver\Src\stm32f4xx_hal.o
                0x200000a8                uwTick
 COMMON         0x200000ac       0xa8 Src\adc.o
                0x200000ac                hadc1
                0x200000f4                hdma_adc1
 COMMON         0x20000154       0x74 Src\dac.o
                0x20000154                hdma_dac1
                0x200001b4                hdac
 COMMON         0x200001c8     0x1498 Src\main.o
                0x200001c8                DAC_Buf
                0x200009c8                pState
                0x20000e48                S
                0x20000e54                flagProcessReady
                0x20000e58                ptrDataOut
                0x20000e5c                ptrDataIn
                0x20000e60                ADC_Buf
 COMMON         0x20001660       0x40 Src\tim.o
                0x20001660                htim2
                0x200016a0                . = ALIGN (0x4)
                0x200016a0                _ebss = .
                0x200016a0                __bss_end__ = _ebss

._user_heap_stack
                0x200016a0      0x600
                0x200016a0                . = ALIGN (0x4)
                0x200016a0                PROVIDE (end, .)
                [!provide]                PROVIDE (_end, .)
                0x200018a0                . = (. + _Min_Heap_Size)
 *fill*         0x200016a0      0x200 
                0x20001ca0                . = (. + _Min_Stack_Size)
 *fill*         0x200018a0      0x400 
                0x20001ca0                . = ALIGN (0x4)

/DISCARD/
 libc.a(*)
 libm.a(*)
 libgcc.a(*)

.ARM.attributes
                0x00000000       0x30
 *(.ARM.attributes)
 .ARM.attributes
                0x00000000       0x22 c:/program files/atollic/truestudio for arm 6.0.0/armtools/bin/../lib/gcc/arm-atollic-eabi/5.3.1/armv7e-m/fpu/crti.o
 .ARM.attributes
                0x00000022       0x34 c:/program files/atollic/truestudio for arm 6.0.0/armtools/bin/../lib/gcc/arm-atollic-eabi/5.3.1/armv7e-m/fpu/crtbegin.o
 .ARM.attributes
                0x00000056       0x39 Drivers\STM32F4xx_HAL_Driver\Src\stm32f4xx_hal.o
 .ARM.attributes
                0x0000008f       0x39 Drivers\STM32F4xx_HAL_Driver\Src\stm32f4xx_hal_adc.o
 .ARM.attributes
                0x000000c8       0x39 Drivers\STM32F4xx_HAL_Driver\Src\stm32f4xx_hal_cortex.o
 .ARM.attributes
                0x00000101       0x39 Drivers\STM32F4xx_HAL_Driver\Src\stm32f4xx_hal_dac.o
 .ARM.attributes
                0x0000013a       0x39 Drivers\STM32F4xx_HAL_Driver\Src\stm32f4xx_hal_dac_ex.o
 .ARM.attributes
                0x00000173       0x39 Drivers\STM32F4xx_HAL_Driver\Src\stm32f4xx_hal_dma.o
 .ARM.attributes
                0x000001ac       0x39 Drivers\STM32F4xx_HAL_Driver\Src\stm32f4xx_hal_gpio.o
 .ARM.attributes
                0x000001e5       0x39 Drivers\STM32F4xx_HAL_Driver\Src\stm32f4xx_hal_rcc.o
 .ARM.attributes
                0x0000021e       0x39 Drivers\STM32F4xx_HAL_Driver\Src\stm32f4xx_hal_tim.o
 .ARM.attributes
                0x00000257       0x39 Drivers\STM32F4xx_HAL_Driver\Src\stm32f4xx_hal_tim_ex.o
 .ARM.attributes
                0x00000290       0x39 Src\adc.o
 .ARM.attributes
                0x000002c9       0x39 Src\dac.o
 .ARM.attributes
                0x00000302       0x39 Src\dma.o
 .ARM.attributes
                0x0000033b       0x39 Src\gpio.o
 .ARM.attributes
                0x00000374       0x39 Src\main.o
 .ARM.attributes
                0x000003ad       0x39 Src\stm32f4xx_hal_msp.o
 .ARM.attributes
                0x000003e6       0x39 Src\stm32f4xx_it.o
 .ARM.attributes
                0x0000041f       0x39 Src\system_stm32f4xx.o
 .ARM.attributes
                0x00000458       0x39 Src\tim.o
 .ARM.attributes
                0x00000491       0x21 startup\startup_stm32f407xx.o
 .ARM.attributes
                0x000004b2       0x39 C:\Users\Lisandro\Desktop\dsp_rt\arm_workspace\Proy_ADC_DAC_DMA_Loopback\Lib\libarm_cortexM4lf_math.a(arm_fir_q15.o)
 .ARM.attributes
                0x000004eb       0x39 C:\Users\Lisandro\Desktop\dsp_rt\arm_workspace\Proy_ADC_DAC_DMA_Loopback\Lib\libarm_cortexM4lf_math.a(arm_fir_init_q15.o)
 .ARM.attributes
                0x00000524       0x34 c:/program files/atollic/truestudio for arm 6.0.0/armtools/bin/../lib/gcc/arm-atollic-eabi/5.3.1/../../../../arm-atollic-eabi/lib/armv7e-m/fpu\libc.a(lib_a-init.o)
 .ARM.attributes
                0x00000558       0x34 c:/program files/atollic/truestudio for arm 6.0.0/armtools/bin/../lib/gcc/arm-atollic-eabi/5.3.1/../../../../arm-atollic-eabi/lib/armv7e-m/fpu\libc.a(lib_a-memset.o)
 .ARM.attributes
                0x0000058c       0x22 c:/program files/atollic/truestudio for arm 6.0.0/armtools/bin/../lib/gcc/arm-atollic-eabi/5.3.1/armv7e-m/fpu\libgcc.a(_aeabi_uldivmod.o)
 .ARM.attributes
                0x000005ae       0x34 c:/program files/atollic/truestudio for arm 6.0.0/armtools/bin/../lib/gcc/arm-atollic-eabi/5.3.1/armv7e-m/fpu\libgcc.a(_udivmoddi4.o)
 .ARM.attributes
                0x000005e2       0x22 c:/program files/atollic/truestudio for arm 6.0.0/armtools/bin/../lib/gcc/arm-atollic-eabi/5.3.1/armv7e-m/fpu\libgcc.a(_dvmd_tls.o)
 .ARM.attributes
                0x00000604       0x22 c:/program files/atollic/truestudio for arm 6.0.0/armtools/bin/../lib/gcc/arm-atollic-eabi/5.3.1/armv7e-m/fpu/crtn.o
OUTPUT(Proy_ADC_DAC_DMA_Loopback.elf elf32-littlearm)

.debug_info     0x00000000     0xdae8
 .debug_info    0x00000000      0x989 Drivers\STM32F4xx_HAL_Driver\Src\stm32f4xx_hal.o
 .debug_info    0x00000989      0xcd9 Drivers\STM32F4xx_HAL_Driver\Src\stm32f4xx_hal_adc.o
 .debug_info    0x00001662      0xefb Drivers\STM32F4xx_HAL_Driver\Src\stm32f4xx_hal_cortex.o
 .debug_info    0x0000255d      0x982 Drivers\STM32F4xx_HAL_Driver\Src\stm32f4xx_hal_dac.o
 .debug_info    0x00002edf      0x6d5 Drivers\STM32F4xx_HAL_Driver\Src\stm32f4xx_hal_dac_ex.o
 .debug_info    0x000035b4      0xa1d Drivers\STM32F4xx_HAL_Driver\Src\stm32f4xx_hal_dma.o
 .debug_info    0x00003fd1      0x725 Drivers\STM32F4xx_HAL_Driver\Src\stm32f4xx_hal_gpio.o
 .debug_info    0x000046f6      0xa5f Drivers\STM32F4xx_HAL_Driver\Src\stm32f4xx_hal_rcc.o
 .debug_info    0x00005155     0x2f12 Drivers\STM32F4xx_HAL_Driver\Src\stm32f4xx_hal_tim.o
 .debug_info    0x00008067     0x1081 Drivers\STM32F4xx_HAL_Driver\Src\stm32f4xx_hal_tim_ex.o
 .debug_info    0x000090e8      0x8d5 Src\adc.o
 .debug_info    0x000099bd      0x971 Src\dac.o
 .debug_info    0x0000a32e      0x54e Src\dma.o
 .debug_info    0x0000a87c      0x2b1 Src\gpio.o
 .debug_info    0x0000ab2d     0x1104 Src\main.o
 .debug_info    0x0000bc31      0x2b1 Src\stm32f4xx_hal_msp.o
 .debug_info    0x0000bee2      0x3ec Src\stm32f4xx_it.o
 .debug_info    0x0000c2ce      0x4f5 Src\system_stm32f4xx.o
 .debug_info    0x0000c7c3      0x926 Src\tim.o
 .debug_info    0x0000d0e9       0x94 startup\startup_stm32f407xx.o
 .debug_info    0x0000d17d      0x75f C:\Users\Lisandro\Desktop\dsp_rt\arm_workspace\Proy_ADC_DAC_DMA_Loopback\Lib\libarm_cortexM4lf_math.a(arm_fir_q15.o)
 .debug_info    0x0000d8dc      0x20c C:\Users\Lisandro\Desktop\dsp_rt\arm_workspace\Proy_ADC_DAC_DMA_Loopback\Lib\libarm_cortexM4lf_math.a(arm_fir_init_q15.o)

.debug_abbrev   0x00000000     0x2860
 .debug_abbrev  0x00000000      0x237 Drivers\STM32F4xx_HAL_Driver\Src\stm32f4xx_hal.o
 .debug_abbrev  0x00000237      0x2a3 Drivers\STM32F4xx_HAL_Driver\Src\stm32f4xx_hal_adc.o
 .debug_abbrev  0x000004da      0x32f Drivers\STM32F4xx_HAL_Driver\Src\stm32f4xx_hal_cortex.o
 .debug_abbrev  0x00000809      0x224 Drivers\STM32F4xx_HAL_Driver\Src\stm32f4xx_hal_dac.o
 .debug_abbrev  0x00000a2d      0x1e2 Drivers\STM32F4xx_HAL_Driver\Src\stm32f4xx_hal_dac_ex.o
 .debug_abbrev  0x00000c0f      0x2dd Drivers\STM32F4xx_HAL_Driver\Src\stm32f4xx_hal_dma.o
 .debug_abbrev  0x00000eec      0x1d7 Drivers\STM32F4xx_HAL_Driver\Src\stm32f4xx_hal_gpio.o
 .debug_abbrev  0x000010c3      0x2cb Drivers\STM32F4xx_HAL_Driver\Src\stm32f4xx_hal_rcc.o
 .debug_abbrev  0x0000138e      0x2f1 Drivers\STM32F4xx_HAL_Driver\Src\stm32f4xx_hal_tim.o
 .debug_abbrev  0x0000167f      0x270 Drivers\STM32F4xx_HAL_Driver\Src\stm32f4xx_hal_tim_ex.o
 .debug_abbrev  0x000018ef      0x1be Src\adc.o
 .debug_abbrev  0x00001aad      0x1c9 Src\dac.o
 .debug_abbrev  0x00001c76      0x12c Src\dma.o
 .debug_abbrev  0x00001da2       0xd6 Src\gpio.o
 .debug_abbrev  0x00001e78      0x252 Src\main.o
 .debug_abbrev  0x000020ca       0xd6 Src\stm32f4xx_hal_msp.o
 .debug_abbrev  0x000021a0      0x181 Src\stm32f4xx_it.o
 .debug_abbrev  0x00002321      0x101 Src\system_stm32f4xx.o
 .debug_abbrev  0x00002422      0x1b0 Src\tim.o
 .debug_abbrev  0x000025d2       0x12 startup\startup_stm32f407xx.o
 .debug_abbrev  0x000025e4      0x182 C:\Users\Lisandro\Desktop\dsp_rt\arm_workspace\Proy_ADC_DAC_DMA_Loopback\Lib\libarm_cortexM4lf_math.a(arm_fir_q15.o)
 .debug_abbrev  0x00002766       0xfa C:\Users\Lisandro\Desktop\dsp_rt\arm_workspace\Proy_ADC_DAC_DMA_Loopback\Lib\libarm_cortexM4lf_math.a(arm_fir_init_q15.o)

.debug_loc      0x00000000     0x6d65
 .debug_loc     0x00000000      0x11b Drivers\STM32F4xx_HAL_Driver\Src\stm32f4xx_hal.o
 .debug_loc     0x0000011b      0x821 Drivers\STM32F4xx_HAL_Driver\Src\stm32f4xx_hal_adc.o
 .debug_loc     0x0000093c      0x4cc Drivers\STM32F4xx_HAL_Driver\Src\stm32f4xx_hal_cortex.o
 .debug_loc     0x00000e08      0x691 Drivers\STM32F4xx_HAL_Driver\Src\stm32f4xx_hal_dac.o
 .debug_loc     0x00001499      0x25b Drivers\STM32F4xx_HAL_Driver\Src\stm32f4xx_hal_dac_ex.o
 .debug_loc     0x000016f4      0x6fe Drivers\STM32F4xx_HAL_Driver\Src\stm32f4xx_hal_dma.o
 .debug_loc     0x00001df2      0x34f Drivers\STM32F4xx_HAL_Driver\Src\stm32f4xx_hal_gpio.o
 .debug_loc     0x00002141      0x36b Drivers\STM32F4xx_HAL_Driver\Src\stm32f4xx_hal_rcc.o
 .debug_loc     0x000024ac     0x2fb1 Drivers\STM32F4xx_HAL_Driver\Src\stm32f4xx_hal_tim.o
 .debug_loc     0x0000545d      0xa90 Drivers\STM32F4xx_HAL_Driver\Src\stm32f4xx_hal_tim_ex.o
 .debug_loc     0x00005eed       0x58 Src\adc.o
 .debug_loc     0x00005f45       0x63 Src\dac.o
 .debug_loc     0x00005fa8       0xd7 Src\system_stm32f4xx.o
 .debug_loc     0x0000607f      0xbac C:\Users\Lisandro\Desktop\dsp_rt\arm_workspace\Proy_ADC_DAC_DMA_Loopback\Lib\libarm_cortexM4lf_math.a(arm_fir_q15.o)
 .debug_loc     0x00006c2b      0x13a C:\Users\Lisandro\Desktop\dsp_rt\arm_workspace\Proy_ADC_DAC_DMA_Loopback\Lib\libarm_cortexM4lf_math.a(arm_fir_init_q15.o)

.debug_aranges  0x00000000      0xa30
 .debug_aranges
                0x00000000       0xe8 Drivers\STM32F4xx_HAL_Driver\Src\stm32f4xx_hal.o
 .debug_aranges
                0x000000e8       0xb8 Drivers\STM32F4xx_HAL_Driver\Src\stm32f4xx_hal_adc.o
 .debug_aranges
                0x000001a0       0xa8 Drivers\STM32F4xx_HAL_Driver\Src\stm32f4xx_hal_cortex.o
 .debug_aranges
                0x00000248       0x98 Drivers\STM32F4xx_HAL_Driver\Src\stm32f4xx_hal_dac.o
 .debug_aranges
                0x000002e0       0x58 Drivers\STM32F4xx_HAL_Driver\Src\stm32f4xx_hal_dac_ex.o
 .debug_aranges
                0x00000338       0x80 Drivers\STM32F4xx_HAL_Driver\Src\stm32f4xx_hal_dma.o
 .debug_aranges
                0x000003b8       0x58 Drivers\STM32F4xx_HAL_Driver\Src\stm32f4xx_hal_gpio.o
 .debug_aranges
                0x00000410       0x88 Drivers\STM32F4xx_HAL_Driver\Src\stm32f4xx_hal_rcc.o
 .debug_aranges
                0x00000498      0x278 Drivers\STM32F4xx_HAL_Driver\Src\stm32f4xx_hal_tim.o
 .debug_aranges
                0x00000710       0xf8 Drivers\STM32F4xx_HAL_Driver\Src\stm32f4xx_hal_tim_ex.o
 .debug_aranges
                0x00000808       0x30 Src\adc.o
 .debug_aranges
                0x00000838       0x30 Src\dac.o
 .debug_aranges
                0x00000868       0x20 Src\dma.o
 .debug_aranges
                0x00000888       0x20 Src\gpio.o
 .debug_aranges
                0x000008a8       0x50 Src\main.o
 .debug_aranges
                0x000008f8       0x20 Src\stm32f4xx_hal_msp.o
 .debug_aranges
                0x00000918       0x58 Src\stm32f4xx_it.o
 .debug_aranges
                0x00000970       0x28 Src\system_stm32f4xx.o
 .debug_aranges
                0x00000998       0x30 Src\tim.o
 .debug_aranges
                0x000009c8       0x28 startup\startup_stm32f407xx.o
 .debug_aranges
                0x000009f0       0x20 C:\Users\Lisandro\Desktop\dsp_rt\arm_workspace\Proy_ADC_DAC_DMA_Loopback\Lib\libarm_cortexM4lf_math.a(arm_fir_q15.o)
 .debug_aranges
                0x00000a10       0x20 C:\Users\Lisandro\Desktop\dsp_rt\arm_workspace\Proy_ADC_DAC_DMA_Loopback\Lib\libarm_cortexM4lf_math.a(arm_fir_init_q15.o)

.debug_ranges   0x00000000      0xc10
 .debug_ranges  0x00000000       0xd8 Drivers\STM32F4xx_HAL_Driver\Src\stm32f4xx_hal.o
 .debug_ranges  0x000000d8       0xc0 Drivers\STM32F4xx_HAL_Driver\Src\stm32f4xx_hal_adc.o
 .debug_ranges  0x00000198      0x128 Drivers\STM32F4xx_HAL_Driver\Src\stm32f4xx_hal_cortex.o
 .debug_ranges  0x000002c0       0x88 Drivers\STM32F4xx_HAL_Driver\Src\stm32f4xx_hal_dac.o
 .debug_ranges  0x00000348       0x48 Drivers\STM32F4xx_HAL_Driver\Src\stm32f4xx_hal_dac_ex.o
 .debug_ranges  0x00000390       0xa8 Drivers\STM32F4xx_HAL_Driver\Src\stm32f4xx_hal_dma.o
 .debug_ranges  0x00000438       0x70 Drivers\STM32F4xx_HAL_Driver\Src\stm32f4xx_hal_gpio.o
 .debug_ranges  0x000004a8       0xb0 Drivers\STM32F4xx_HAL_Driver\Src\stm32f4xx_hal_rcc.o
 .debug_ranges  0x00000558      0x328 Drivers\STM32F4xx_HAL_Driver\Src\stm32f4xx_hal_tim.o
 .debug_ranges  0x00000880       0xe8 Drivers\STM32F4xx_HAL_Driver\Src\stm32f4xx_hal_tim_ex.o
 .debug_ranges  0x00000968       0x40 Src\adc.o
 .debug_ranges  0x000009a8       0x38 Src\dac.o
 .debug_ranges  0x000009e0       0x30 Src\dma.o
 .debug_ranges  0x00000a10       0x10 Src\gpio.o
 .debug_ranges  0x00000a20       0x40 Src\main.o
 .debug_ranges  0x00000a60       0x10 Src\stm32f4xx_hal_msp.o
 .debug_ranges  0x00000a70       0x48 Src\stm32f4xx_it.o
 .debug_ranges  0x00000ab8       0x18 Src\system_stm32f4xx.o
 .debug_ranges  0x00000ad0       0x20 Src\tim.o
 .debug_ranges  0x00000af0       0x20 startup\startup_stm32f407xx.o
 .debug_ranges  0x00000b10       0xf0 C:\Users\Lisandro\Desktop\dsp_rt\arm_workspace\Proy_ADC_DAC_DMA_Loopback\Lib\libarm_cortexM4lf_math.a(arm_fir_q15.o)
 .debug_ranges  0x00000c00       0x10 C:\Users\Lisandro\Desktop\dsp_rt\arm_workspace\Proy_ADC_DAC_DMA_Loopback\Lib\libarm_cortexM4lf_math.a(arm_fir_init_q15.o)

.debug_line     0x00000000     0x5337
 .debug_line    0x00000000      0x40b Drivers\STM32F4xx_HAL_Driver\Src\stm32f4xx_hal.o
 .debug_line    0x0000040b      0x6f7 Drivers\STM32F4xx_HAL_Driver\Src\stm32f4xx_hal_adc.o
 .debug_line    0x00000b02      0x41c Drivers\STM32F4xx_HAL_Driver\Src\stm32f4xx_hal_cortex.o
 .debug_line    0x00000f1e      0x45e Drivers\STM32F4xx_HAL_Driver\Src\stm32f4xx_hal_dac.o
 .debug_line    0x0000137c      0x2f0 Drivers\STM32F4xx_HAL_Driver\Src\stm32f4xx_hal_dac_ex.o
 .debug_line    0x0000166c      0x53f Drivers\STM32F4xx_HAL_Driver\Src\stm32f4xx_hal_dma.o
 .debug_line    0x00001bab      0x3c0 Drivers\STM32F4xx_HAL_Driver\Src\stm32f4xx_hal_gpio.o
 .debug_line    0x00001f6b      0x4ad Drivers\STM32F4xx_HAL_Driver\Src\stm32f4xx_hal_rcc.o
 .debug_line    0x00002418     0x111a Drivers\STM32F4xx_HAL_Driver\Src\stm32f4xx_hal_tim.o
 .debug_line    0x00003532      0x66e Drivers\STM32F4xx_HAL_Driver\Src\stm32f4xx_hal_tim_ex.o
 .debug_line    0x00003ba0      0x259 Src\adc.o
 .debug_line    0x00003df9      0x259 Src\dac.o
 .debug_line    0x00004052      0x1bf Src\dma.o
 .debug_line    0x00004211      0x17a Src\gpio.o
 .debug_line    0x0000438b      0x343 Src\main.o
 .debug_line    0x000046ce      0x188 Src\stm32f4xx_hal_msp.o
 .debug_line    0x00004856      0x258 Src\stm32f4xx_it.o
 .debug_line    0x00004aae      0x1b7 Src\system_stm32f4xx.o
 .debug_line    0x00004c65      0x248 Src\tim.o
 .debug_line    0x00004ead       0x7f startup\startup_stm32f407xx.o
 .debug_line    0x00004f2c      0x2ad C:\Users\Lisandro\Desktop\dsp_rt\arm_workspace\Proy_ADC_DAC_DMA_Loopback\Lib\libarm_cortexM4lf_math.a(arm_fir_q15.o)
 .debug_line    0x000051d9      0x15e C:\Users\Lisandro\Desktop\dsp_rt\arm_workspace\Proy_ADC_DAC_DMA_Loopback\Lib\libarm_cortexM4lf_math.a(arm_fir_init_q15.o)

.debug_str      0x00000000     0x38c9
 .debug_str     0x00000000      0xb29 Drivers\STM32F4xx_HAL_Driver\Src\stm32f4xx_hal.o
                                0xb8a (size before relaxing)
 .debug_str     0x00000b29      0x66b Drivers\STM32F4xx_HAL_Driver\Src\stm32f4xx_hal_adc.o
                                0x923 (size before relaxing)
 .debug_str     0x00001194      0x4a1 Drivers\STM32F4xx_HAL_Driver\Src\stm32f4xx_hal_cortex.o
                                0xc63 (size before relaxing)
 .debug_str     0x00001635      0x2d0 Drivers\STM32F4xx_HAL_Driver\Src\stm32f4xx_hal_dac.o
                                0x782 (size before relaxing)
 .debug_str     0x00001905       0xed Drivers\STM32F4xx_HAL_Driver\Src\stm32f4xx_hal_dac_ex.o
                                0x68e (size before relaxing)
 .debug_str     0x000019f2      0x2f5 Drivers\STM32F4xx_HAL_Driver\Src\stm32f4xx_hal_dma.o
                                0x7bf (size before relaxing)
 .debug_str     0x00001ce7      0x1cc Drivers\STM32F4xx_HAL_Driver\Src\stm32f4xx_hal_gpio.o
                                0x529 (size before relaxing)
 .debug_str     0x00001eb3      0x305 Drivers\STM32F4xx_HAL_Driver\Src\stm32f4xx_hal_rcc.o
                                0x728 (size before relaxing)
 .debug_str     0x000021b8      0xcbe Drivers\STM32F4xx_HAL_Driver\Src\stm32f4xx_hal_tim.o
                               0x11d9 (size before relaxing)
 .debug_str     0x00002e76      0x454 Drivers\STM32F4xx_HAL_Driver\Src\stm32f4xx_hal_tim_ex.o
                                0xbff (size before relaxing)
 .debug_str     0x000032ca       0x6b Src\adc.o
                                0x7b2 (size before relaxing)
 .debug_str     0x00003335       0x4f Src\dac.o
                                0x7cf (size before relaxing)
 .debug_str     0x00003384       0x19 Src\dma.o
                                0x807 (size before relaxing)
 .debug_str     0x0000339d       0x1b Src\gpio.o
                                0x2f3 (size before relaxing)
 .debug_str     0x000033b8      0x1aa Src\main.o
                                0xd65 (size before relaxing)
 .debug_str     0x00003562       0x27 Src\stm32f4xx_hal_msp.o
                                0x2ff (size before relaxing)
 .debug_str     0x00003589       0xad Src\stm32f4xx_it.o
                                0x501 (size before relaxing)
 .debug_str     0x00003636       0x45 Src\system_stm32f4xx.o
                                0x3b9 (size before relaxing)
 .debug_str     0x0000367b       0x48 Src\tim.o
                                0x888 (size before relaxing)
 .debug_str     0x000036c3      0x1c8 C:\Users\Lisandro\Desktop\dsp_rt\arm_workspace\Proy_ADC_DAC_DMA_Loopback\Lib\libarm_cortexM4lf_math.a(arm_fir_q15.o)
                                0x319 (size before relaxing)
 .debug_str     0x0000388b       0x3e C:\Users\Lisandro\Desktop\dsp_rt\arm_workspace\Proy_ADC_DAC_DMA_Loopback\Lib\libarm_cortexM4lf_math.a(arm_fir_init_q15.o)
                                0x326 (size before relaxing)

.comment        0x00000000       0xec
 .comment       0x00000000       0x7e Drivers\STM32F4xx_HAL_Driver\Src\stm32f4xx_hal.o
                                 0x7f (size before relaxing)
 .comment       0x0000007e       0x7f Drivers\STM32F4xx_HAL_Driver\Src\stm32f4xx_hal_adc.o
 .comment       0x0000007e       0x7f Drivers\STM32F4xx_HAL_Driver\Src\stm32f4xx_hal_cortex.o
 .comment       0x0000007e       0x7f Drivers\STM32F4xx_HAL_Driver\Src\stm32f4xx_hal_dac.o
 .comment       0x0000007e       0x7f Drivers\STM32F4xx_HAL_Driver\Src\stm32f4xx_hal_dac_ex.o
 .comment       0x0000007e       0x7f Drivers\STM32F4xx_HAL_Driver\Src\stm32f4xx_hal_dma.o
 .comment       0x0000007e       0x7f Drivers\STM32F4xx_HAL_Driver\Src\stm32f4xx_hal_gpio.o
 .comment       0x0000007e       0x7f Drivers\STM32F4xx_HAL_Driver\Src\stm32f4xx_hal_rcc.o
 .comment       0x0000007e       0x7f Drivers\STM32F4xx_HAL_Driver\Src\stm32f4xx_hal_tim.o
 .comment       0x0000007e       0x7f Drivers\STM32F4xx_HAL_Driver\Src\stm32f4xx_hal_tim_ex.o
 .comment       0x0000007e       0x7f Src\adc.o
 .comment       0x0000007e       0x7f Src\dac.o
 .comment       0x0000007e       0x7f Src\dma.o
 .comment       0x0000007e       0x7f Src\gpio.o
 .comment       0x0000007e       0x7f Src\main.o
 .comment       0x0000007e       0x7f Src\stm32f4xx_hal_msp.o
 .comment       0x0000007e       0x7f Src\stm32f4xx_it.o
 .comment       0x0000007e       0x7f Src\system_stm32f4xx.o
 .comment       0x0000007e       0x7f Src\tim.o
 .comment       0x0000007e       0x6e C:\Users\Lisandro\Desktop\dsp_rt\arm_workspace\Proy_ADC_DAC_DMA_Loopback\Lib\libarm_cortexM4lf_math.a(arm_fir_q15.o)
                                 0x6f (size before relaxing)
 .comment       0x000000ec       0x6f C:\Users\Lisandro\Desktop\dsp_rt\arm_workspace\Proy_ADC_DAC_DMA_Loopback\Lib\libarm_cortexM4lf_math.a(arm_fir_init_q15.o)

.debug_frame    0x00000000     0x1c74
 .debug_frame   0x00000000      0x1f0 Drivers\STM32F4xx_HAL_Driver\Src\stm32f4xx_hal.o
 .debug_frame   0x000001f0      0x240 Drivers\STM32F4xx_HAL_Driver\Src\stm32f4xx_hal_adc.o
 .debug_frame   0x00000430      0x150 Drivers\STM32F4xx_HAL_Driver\Src\stm32f4xx_hal_cortex.o
 .debug_frame   0x00000580      0x1d8 Drivers\STM32F4xx_HAL_Driver\Src\stm32f4xx_hal_dac.o
 .debug_frame   0x00000758       0xf0 Drivers\STM32F4xx_HAL_Driver\Src\stm32f4xx_hal_dac_ex.o
 .debug_frame   0x00000848      0x150 Drivers\STM32F4xx_HAL_Driver\Src\stm32f4xx_hal_dma.o
 .debug_frame   0x00000998       0xd4 Drivers\STM32F4xx_HAL_Driver\Src\stm32f4xx_hal_gpio.o
 .debug_frame   0x00000a6c      0x138 Drivers\STM32F4xx_HAL_Driver\Src\stm32f4xx_hal_rcc.o
 .debug_frame   0x00000ba4      0x928 Drivers\STM32F4xx_HAL_Driver\Src\stm32f4xx_hal_tim.o
 .debug_frame   0x000014cc      0x35c Drivers\STM32F4xx_HAL_Driver\Src\stm32f4xx_hal_tim_ex.o
 .debug_frame   0x00001828       0x58 Src\adc.o
 .debug_frame   0x00001880       0x70 Src\dac.o
 .debug_frame   0x000018f0       0x2c Src\dma.o
 .debug_frame   0x0000191c       0x28 Src\gpio.o
 .debug_frame   0x00001944       0xac Src\main.o
 .debug_frame   0x000019f0       0x28 Src\stm32f4xx_hal_msp.o
 .debug_frame   0x00001a18       0xc0 Src\stm32f4xx_it.o
 .debug_frame   0x00001ad8       0x30 Src\system_stm32f4xx.o
 .debug_frame   0x00001b08       0x50 Src\tim.o
 .debug_frame   0x00001b58       0x44 C:\Users\Lisandro\Desktop\dsp_rt\arm_workspace\Proy_ADC_DAC_DMA_Loopback\Lib\libarm_cortexM4lf_math.a(arm_fir_q15.o)
 .debug_frame   0x00001b9c       0x2c C:\Users\Lisandro\Desktop\dsp_rt\arm_workspace\Proy_ADC_DAC_DMA_Loopback\Lib\libarm_cortexM4lf_math.a(arm_fir_init_q15.o)
 .debug_frame   0x00001bc8       0x2c c:/program files/atollic/truestudio for arm 6.0.0/armtools/bin/../lib/gcc/arm-atollic-eabi/5.3.1/../../../../arm-atollic-eabi/lib/armv7e-m/fpu\libc.a(lib_a-init.o)
 .debug_frame   0x00001bf4       0x20 c:/program files/atollic/truestudio for arm 6.0.0/armtools/bin/../lib/gcc/arm-atollic-eabi/5.3.1/../../../../arm-atollic-eabi/lib/armv7e-m/fpu\libc.a(lib_a-memset.o)
 .debug_frame   0x00001c14       0x2c c:/program files/atollic/truestudio for arm 6.0.0/armtools/bin/../lib/gcc/arm-atollic-eabi/5.3.1/armv7e-m/fpu\libgcc.a(_aeabi_uldivmod.o)
 .debug_frame   0x00001c40       0x34 c:/program files/atollic/truestudio for arm 6.0.0/armtools/bin/../lib/gcc/arm-atollic-eabi/5.3.1/armv7e-m/fpu\libgcc.a(_udivmoddi4.o)
